// Jest Snapshot v1, https://goo.gl/fbAQLP

exports[`<RemoveFromCart></RemoveFromCart> renders and matches snapshot 1`] = `
<button
  aria-disabled={false}
  className="RemoveFromCart__BigButton-emvtd6-0 gPWNSn"
  disabled={false}
  onClick={[Function]}
  title="Remove From Cart"
>
  Ã—
</button>
`;
